// Jest Snapshot v1, https://goo.gl/fbAQLP

exports[`Password.test.js renders correctly (snapshots matching) 1`] = `
<div>
  <vtextfield-stub
    appendicon="lock"
    id="password"
    label="pass"
    rules="function required(value) {
          return !!value || _i18n.i18n.t('requirePass');
        }"
    type="password"
    value=""
  />
   
  <!---->
</div>
`;
