// Jest Snapshot v1, https://goo.gl/fbAQLP

exports[`Authorization.test.js renders correctly (snapshots matching) 1`] = `
<div>
  <h1>
    Sign in
  </h1>
   
  <!---->
   
  <vform-stub>
    <vtextfield-stub
      id="usernameOrEmail"
      label="Username or email"
      rules="function required(value) {
          return !!value || 'This field is required.';
        }"
    />
     
    <password-stub
      value=""
    />
     
    <vbtn-stub
      activeclass="v-btn--active"
      disabled="true"
      id="submitButton"
      ripple="true"
      tag="button"
      type="button"
    >
      Sign In
    </vbtn-stub>
     
    <vbtn-stub
      activeclass="v-btn--active"
      ripple="true"
      tag="button"
      type="button"
    >
      Cancel
    </vbtn-stub>
     
    <!---->
  </vform-stub>
   
  <vdivider-stub
    class="mt-3 mb-2"
  />
   
  <router-link-stub
    event="click"
    tag="a"
    to="[object Object]"
  >
    <h3>
      Create an account
    </h3>
  </router-link-stub>
   
  <router-link-stub
    event="click"
    tag="a"
    to="[object Object]"
  >
    <h3>
      Forgot password
    </h3>
  </router-link-stub>
   
  <vdivider-stub
    class="mt-3 mb-2"
  />
   
  <valert-stub
    transition="scale-transition"
    type="error"
    value=""
  >
    
  </valert-stub>
</div>
`;
