// Jest Snapshot v1, https://goo.gl/fbAQLP

exports[`Authorization.test.js renders correctly (snapshots matching) 1`] = `
<div>
  <valert-stub
    transition="scale-transition"
    type="error"
    value="Missing poll key!"
  >
    Missing poll key!
  </valert-stub>
   
  <vform-stub>
    <h1>
      Sign in
    </h1>
     
    <vtextfield-stub
      id="usernameOrEmail"
      label="Username or email"
      rules="function required(value) {
          return !!value || 'This field is required.';
        }"
    />
     
    <password-stub
      value=""
    />
     
    <vbtn-stub
      activeclass="v-btn--active"
      disabled="true"
      id="submitButton"
      ripple="true"
      tag="button"
      type="button"
    >
      Sign In
    </vbtn-stub>
     
    <vbtn-stub
      activeclass="v-btn--active"
      ripple="true"
      tag="button"
      type="button"
    >
      Cancel
    </vbtn-stub>
     
    <div>
      
      Feel free to reach our
      
      <a
        href="https://pryv.com/helpdesk"
        target="_blank"
      >
        
        helpdesk
      </a>
      
      if you have questions.
    
    </div>
  </vform-stub>
</div>
`;
