// Jest Snapshot v1, https://goo.gl/fbAQLP

exports[`Authorization.test.js renders correctly (snapshots matching) 1`] = `
<div>
  <valert-stub
    transition="scale-transition"
    type="error"
    value="{}"
  >
    {}
  </valert-stub>
   
  <vform-stub>
    <h1>
      Sign in
    </h1>
     
    <vtextfield-stub
      id="usernameOrEmail"
      label="Username or email"
      rules="function required(value) {
          return !!value || 'This field is required.';
        }"
    />
     
    <password-stub
      value=""
    />
     
    <vbtn-stub
      activeclass="v-btn--active"
      disabled="true"
      id="submitButton"
      ripple="true"
      tag="button"
      type="button"
    >
      Sign In
    </vbtn-stub>
     
    <vbtn-stub
      activeclass="v-btn--active"
      ripple="true"
      tag="button"
      type="button"
    >
      Cancel
    </vbtn-stub>
     
    <!---->
     
    <router-link-stub
      event="click"
      tag="a"
      to="[object Object]"
    >
      Create an account
    </router-link-stub>
     
    <router-link-stub
      event="click"
      tag="a"
      to="[object Object]"
    >
      Forgot password
    </router-link-stub>
  </vform-stub>
</div>
`;
