// Jest Snapshot v1, https://goo.gl/fbAQLP

exports[`RegisterUser.test.js renders correctly (snapshots matching) 1`] = `
<div>
  <h1>
    register
  </h1>
   
  <vform-stub
    id="registerForm"
  >
    <vtextfield-stub
      id="email"
      label="email"
      rules="function required(value) {
          return !!value || _i18n.i18n.t('requireField');
        },function email(value) {
          return (/.+@.+/.test(value) || _i18n.i18n.t('invalidEmail')
          );
        }"
    />
     
    <vtextfield-stub
      id="username"
      label="username"
      rules="function required(value) {
          return !!value || _i18n.i18n.t('requireField');
        }"
    />
     
    <password-stub
      confirmation="true"
      value=""
    />
     
    <vautocomplete-stub
      allowoverflow="true"
      browserautocomplete="off"
      filter="function _default(item, queryText, itemText) {
                var hasValue = function hasValue(val) {
                    return val != null ? val : '';
                };
                var text = hasValue(itemText);
                var query = hasValue(queryText);
                return text.toString().toLowerCase().indexOf(query.toString().toLowerCase()) > -1;
            }"
      id="hosting"
      items=""
      label="hosting"
      menuprops="[object Object]"
      placeholder="chooseHosting"
      rules="function required(value) {
          return !!value || _i18n.i18n.t('requireField');
        }"
    />
     
    <vbtn-stub
      activeclass="v-btn--active"
      disabled="true"
      id="submitButton"
      ripple="true"
      tag="button"
      type="button"
    >
      createUser
    </vbtn-stub>
     
    <vbtn-stub
      activeclass="v-btn--active"
      id="clearButton"
      ripple="true"
      tag="button"
      type="button"
    >
      clear
    </vbtn-stub>
     
    <div>
      
      terms1
      
      <a
        href="https://pryv.com/terms-of-use/"
        target="_blank"
      >
        
      terms2
      </a>
      .
    
    </div>
  </vform-stub>
   
  <!---->
   
  <alerts-stub
    errormsg=""
    successmsg=""
  />
</div>
`;
