// Jest Snapshot v1, https://goo.gl/fbAQLP

exports[`ResetPassword.test.js renders correctly (snapshots matching) 1`] = `
<div>
  <h1>
    Reset password
  </h1>
   
  <v-form-stub>
    <v-text-field-stub
      id="usernameOrEmail"
      label="Username or email"
      rules="function required(value) {
          return !!value || 'This field is required.';
        }"
      value=""
    />
     
    <!---->
     
    <v-btn-stub
      activeclass="v-btn--active"
      disabled="true"
      id="submitButton"
      tag="button"
      type="button"
    >
      Request password reset
    </v-btn-stub>
  </v-form-stub>
   
  <!---->
   
  <alerts-stub
    errormsg=""
    successmsg=""
  />
</div>
`;
