// Jest Snapshot v1, https://goo.gl/fbAQLP

exports[`ResetPassword.test.js renders correctly (snapshots matching) 1`] = `
<vform-stub>
  <valert-stub
    transition="scale-transition"
    type="error"
    value=""
  >
    
  </valert-stub>
   
  <h1>
    Reset password
  </h1>
   
  <vtextfield-stub
    id="usernameOrEmail"
    label="Username or email"
    rules="function required(value) {
          return !!value || 'This field is required.';
        }"
  />
   
  <!---->
   
  <vbtn-stub
    activeclass="v-btn--active"
    disabled="true"
    id="submitButton"
    ripple="true"
    tag="button"
    type="button"
  >
    Request password reset
  </vbtn-stub>
   
  <navigationbutton-stub
    page="auth"
    title="Go back to Sign in."
  />
</vform-stub>
`;
